// Vitest Snapshot v1, https://vitest.dev/guide/snapshot.html

exports[`Input-Message > should 1`] = `
{
  "asFragment": [Function],
  "baseElement": <body>
    <div>
      <div
        class="row"
      >
        <h1>
          Home
        </h1>
        <div
          class="col-4"
        >
          <div
            class="list-group"
            id="list-tab"
            role="tablist"
          >
            <a
              aria-controls="list-home"
              class="list-group-item list-group-item-action active"
              data-bs-toggle="list"
              href="#list-Home"
              id="list-[object Object]"
              role="tab"
            >
              Home
            </a>
            <a
              aria-controls="list-home"
              class="list-group-item list-group-item-action"
              data-bs-toggle="list"
              href="#list-Profile"
              id="list-[object Object]"
              role="tab"
            >
              Profile
            </a>
            <a
              aria-controls="list-home"
              class="list-group-item list-group-item-action"
              data-bs-toggle="list"
              href="#list-Messages"
              id="list-[object Object]"
              role="tab"
            >
              Messages
            </a>
            <a
              aria-controls="list-home"
              class="list-group-item list-group-item-action"
              data-bs-toggle="list"
              href="#list-Settings"
              id="list-[object Object]"
              role="tab"
            >
              Settings
            </a>
          </div>
        </div>
        <div
          class="col-8"
        >
          <p>
            Some placeholder content in a paragraph relating to "
            Home
            ".
          </p>
        </div>
      </div>
      <div
        class="input-group mb-3"
      >
        <div
          class="input-group-text"
        >
          <input
            class="form-check-input mt-0"
            disabled=""
            id="flexCheckDisabled"
            type="checkbox"
            value=""
          />
        </div>
        <input
          class="form-control"
          type="text"
          value=""
        />
      </div>
      <button
        class="btn btn-primary"
        disabled=""
        type="button"
      >
        Send
      </button>
      <div />
    </div>
  </body>,
  "container": <div>
    <div
      class="row"
    >
      <h1>
        Home
      </h1>
      <div
        class="col-4"
      >
        <div
          class="list-group"
          id="list-tab"
          role="tablist"
        >
          <a
            aria-controls="list-home"
            class="list-group-item list-group-item-action active"
            data-bs-toggle="list"
            href="#list-Home"
            id="list-[object Object]"
            role="tab"
          >
            Home
          </a>
          <a
            aria-controls="list-home"
            class="list-group-item list-group-item-action"
            data-bs-toggle="list"
            href="#list-Profile"
            id="list-[object Object]"
            role="tab"
          >
            Profile
          </a>
          <a
            aria-controls="list-home"
            class="list-group-item list-group-item-action"
            data-bs-toggle="list"
            href="#list-Messages"
            id="list-[object Object]"
            role="tab"
          >
            Messages
          </a>
          <a
            aria-controls="list-home"
            class="list-group-item list-group-item-action"
            data-bs-toggle="list"
            href="#list-Settings"
            id="list-[object Object]"
            role="tab"
          >
            Settings
          </a>
        </div>
      </div>
      <div
        class="col-8"
      >
        <p>
          Some placeholder content in a paragraph relating to "
          Home
          ".
        </p>
      </div>
    </div>
    <div
      class="input-group mb-3"
    >
      <div
        class="input-group-text"
      >
        <input
          class="form-check-input mt-0"
          disabled=""
          id="flexCheckDisabled"
          type="checkbox"
          value=""
        />
      </div>
      <input
        class="form-control"
        type="text"
        value=""
      />
    </div>
    <button
      class="btn btn-primary"
      disabled=""
      type="button"
    >
      Send
    </button>
    <div />
  </div>,
  "debug": [Function],
  "findAllByAltText": [Function],
  "findAllByDisplayValue": [Function],
  "findAllByLabelText": [Function],
  "findAllByPlaceholderText": [Function],
  "findAllByRole": [Function],
  "findAllByTestId": [Function],
  "findAllByText": [Function],
  "findAllByTitle": [Function],
  "findByAltText": [Function],
  "findByDisplayValue": [Function],
  "findByLabelText": [Function],
  "findByPlaceholderText": [Function],
  "findByRole": [Function],
  "findByTestId": [Function],
  "findByText": [Function],
  "findByTitle": [Function],
  "getAllByAltText": [Function],
  "getAllByDisplayValue": [Function],
  "getAllByLabelText": [Function],
  "getAllByPlaceholderText": [Function],
  "getAllByRole": [Function],
  "getAllByTestId": [Function],
  "getAllByText": [Function],
  "getAllByTitle": [Function],
  "getByAltText": [Function],
  "getByDisplayValue": [Function],
  "getByLabelText": [Function],
  "getByPlaceholderText": [Function],
  "getByRole": [Function],
  "getByTestId": [Function],
  "getByText": [Function],
  "getByTitle": [Function],
  "queryAllByAltText": [Function],
  "queryAllByDisplayValue": [Function],
  "queryAllByLabelText": [Function],
  "queryAllByPlaceholderText": [Function],
  "queryAllByRole": [Function],
  "queryAllByTestId": [Function],
  "queryAllByText": [Function],
  "queryAllByTitle": [Function],
  "queryByAltText": [Function],
  "queryByDisplayValue": [Function],
  "queryByLabelText": [Function],
  "queryByPlaceholderText": [Function],
  "queryByRole": [Function],
  "queryByTestId": [Function],
  "queryByText": [Function],
  "queryByTitle": [Function],
  "rerender": [Function],
  "unmount": [Function],
}
`;

exports[`Input-Message > should match snapshot 1`] = `
{
  "asFragment": [Function],
  "baseElement": <body>
    <div>
      <div
        class="row"
      >
        <h1>
          Home
        </h1>
        <div
          class="col-4"
        >
          <div
            class="list-group"
            id="list-tab"
            role="tablist"
          >
            <a
              aria-controls="list-home"
              class="list-group-item list-group-item-action active"
              data-bs-toggle="list"
              href="#list-Home"
              id="list-[object Object]"
              role="tab"
            >
              Home
            </a>
            <a
              aria-controls="list-home"
              class="list-group-item list-group-item-action"
              data-bs-toggle="list"
              href="#list-Profile"
              id="list-[object Object]"
              role="tab"
            >
              Profile
            </a>
            <a
              aria-controls="list-home"
              class="list-group-item list-group-item-action"
              data-bs-toggle="list"
              href="#list-Messages"
              id="list-[object Object]"
              role="tab"
            >
              Messages
            </a>
            <a
              aria-controls="list-home"
              class="list-group-item list-group-item-action"
              data-bs-toggle="list"
              href="#list-Settings"
              id="list-[object Object]"
              role="tab"
            >
              Settings
            </a>
          </div>
        </div>
        <div
          class="col-8"
        >
          <p>
            Some placeholder content in a paragraph relating to "
            Home
            ".
          </p>
        </div>
      </div>
      <div
        class="input-group mb-3"
      >
        <div
          class="input-group-text"
        >
          <input
            class="form-check-input mt-0"
            disabled=""
            id="flexCheckDisabled"
            type="checkbox"
            value=""
          />
        </div>
        <input
          class="form-control"
          type="text"
          value=""
        />
      </div>
      <button
        class="btn btn-primary"
        disabled=""
        type="button"
      >
        Send
      </button>
      <div />
    </div>
  </body>,
  "container": <div>
    <div
      class="row"
    >
      <h1>
        Home
      </h1>
      <div
        class="col-4"
      >
        <div
          class="list-group"
          id="list-tab"
          role="tablist"
        >
          <a
            aria-controls="list-home"
            class="list-group-item list-group-item-action active"
            data-bs-toggle="list"
            href="#list-Home"
            id="list-[object Object]"
            role="tab"
          >
            Home
          </a>
          <a
            aria-controls="list-home"
            class="list-group-item list-group-item-action"
            data-bs-toggle="list"
            href="#list-Profile"
            id="list-[object Object]"
            role="tab"
          >
            Profile
          </a>
          <a
            aria-controls="list-home"
            class="list-group-item list-group-item-action"
            data-bs-toggle="list"
            href="#list-Messages"
            id="list-[object Object]"
            role="tab"
          >
            Messages
          </a>
          <a
            aria-controls="list-home"
            class="list-group-item list-group-item-action"
            data-bs-toggle="list"
            href="#list-Settings"
            id="list-[object Object]"
            role="tab"
          >
            Settings
          </a>
        </div>
      </div>
      <div
        class="col-8"
      >
        <p>
          Some placeholder content in a paragraph relating to "
          Home
          ".
        </p>
      </div>
    </div>
    <div
      class="input-group mb-3"
    >
      <div
        class="input-group-text"
      >
        <input
          class="form-check-input mt-0"
          disabled=""
          id="flexCheckDisabled"
          type="checkbox"
          value=""
        />
      </div>
      <input
        class="form-control"
        type="text"
        value=""
      />
    </div>
    <button
      class="btn btn-primary"
      disabled=""
      type="button"
    >
      Send
    </button>
    <div />
  </div>,
  "debug": [Function],
  "findAllByAltText": [Function],
  "findAllByDisplayValue": [Function],
  "findAllByLabelText": [Function],
  "findAllByPlaceholderText": [Function],
  "findAllByRole": [Function],
  "findAllByTestId": [Function],
  "findAllByText": [Function],
  "findAllByTitle": [Function],
  "findByAltText": [Function],
  "findByDisplayValue": [Function],
  "findByLabelText": [Function],
  "findByPlaceholderText": [Function],
  "findByRole": [Function],
  "findByTestId": [Function],
  "findByText": [Function],
  "findByTitle": [Function],
  "getAllByAltText": [Function],
  "getAllByDisplayValue": [Function],
  "getAllByLabelText": [Function],
  "getAllByPlaceholderText": [Function],
  "getAllByRole": [Function],
  "getAllByTestId": [Function],
  "getAllByText": [Function],
  "getAllByTitle": [Function],
  "getByAltText": [Function],
  "getByDisplayValue": [Function],
  "getByLabelText": [Function],
  "getByPlaceholderText": [Function],
  "getByRole": [Function],
  "getByTestId": [Function],
  "getByText": [Function],
  "getByTitle": [Function],
  "queryAllByAltText": [Function],
  "queryAllByDisplayValue": [Function],
  "queryAllByLabelText": [Function],
  "queryAllByPlaceholderText": [Function],
  "queryAllByRole": [Function],
  "queryAllByTestId": [Function],
  "queryAllByText": [Function],
  "queryAllByTitle": [Function],
  "queryByAltText": [Function],
  "queryByDisplayValue": [Function],
  "queryByLabelText": [Function],
  "queryByPlaceholderText": [Function],
  "queryByRole": [Function],
  "queryByTestId": [Function],
  "queryByText": [Function],
  "queryByTitle": [Function],
  "rerender": [Function],
  "unmount": [Function],
}
`;
